Archive member included to satisfy reference by file (symbol)

/usr/lib/gcc/avr/5.4.0/avr51/libgcc.a(_exit.o)
                              /usr/lib/gcc/avr/5.4.0/../../../avr/lib/avr51/crtatmega128.o (exit)
/usr/lib/gcc/avr/5.4.0/avr51/libgcc.a(_tablejump2.o)
                              twi_master.o (__tablejump2__)
/usr/lib/gcc/avr/5.4.0/avr51/libgcc.a(_copy_data.o)
                              radioTest.o (__do_copy_data)
/usr/lib/gcc/avr/5.4.0/avr51/libgcc.a(_clear_bss.o)
                              twi_master.o (__do_clear_bss)
/usr/lib/gcc/avr/5.4.0/../../../avr/lib/avr51/libc.a(itoa_ncheck.o)
                              si4734.o (__itoa_ncheck)
/usr/lib/gcc/avr/5.4.0/../../../avr/lib/avr51/libc.a(utoa_ncheck.o)
                              /usr/lib/gcc/avr/5.4.0/../../../avr/lib/avr51/libc.a(itoa_ncheck.o) (__utoa_common)
/usr/lib/gcc/avr/5.4.0/../../../avr/lib/avr51/libc.a(strrev.o)
                              /usr/lib/gcc/avr/5.4.0/../../../avr/lib/avr51/libc.a(utoa_ncheck.o) (strrev)

Allocating common symbols
Common symbol       size              file

uart_tx_buf         0x28              uart_functions.o
twi_state           0x1               twi_master.o
twi_buf             0x2               twi_master.o
uart1_tx_buf        0x28              uart_functions.o
si4734_wr_buf       0x9               si4734.o
si4734_tune_status_buf
                    0x8               si4734.o
si4734_revision_buf
                    0x10              si4734.o
twi_bus_addr        0x1               twi_master.o
twi_msg_size        0x1               twi_master.o
uart1_rx_buf        0x28              uart_functions.o
STC_interrupt       0x1               si4734.o
uart_rx_buf         0x28              uart_functions.o
si4734_rd_buf       0xf               si4734.o

Memory Configuration

Name             Origin             Length             Attributes
text             0x0000000000000000 0x0000000000020000 xr
data             0x0000000000800100 0x000000000000ff00 rw !x
eeprom           0x0000000000810000 0x0000000000010000 rw !x
fuse             0x0000000000820000 0x0000000000000003 rw !x
lock             0x0000000000830000 0x0000000000000400 rw !x
signature        0x0000000000840000 0x0000000000000400 rw !x
user_signatures  0x0000000000850000 0x0000000000000400 rw !x
*default*        0x0000000000000000 0xffffffffffffffff

Linker script and memory map

Address of section .data set to 0x800100
LOAD /usr/lib/gcc/avr/5.4.0/../../../avr/lib/avr51/crtatmega128.o
LOAD radioTest.o
LOAD twi_master.o
LOAD si4734.o
LOAD uart_functions.o
START GROUP
LOAD /usr/lib/gcc/avr/5.4.0/avr51/libgcc.a
LOAD /usr/lib/gcc/avr/5.4.0/../../../avr/lib/avr51/libm.a
LOAD /usr/lib/gcc/avr/5.4.0/../../../avr/lib/avr51/libc.a
LOAD /usr/lib/gcc/avr/5.4.0/../../../avr/lib/avr51/libatmega128.a
END GROUP
                0x0000000000020000                __TEXT_REGION_LENGTH__ = DEFINED (__TEXT_REGION_LENGTH__)?__TEXT_REGION_LENGTH__:0x20000
                0x000000000000ff00                __DATA_REGION_LENGTH__ = DEFINED (__DATA_REGION_LENGTH__)?__DATA_REGION_LENGTH__:0xff00
                0x0000000000010000                __EEPROM_REGION_LENGTH__ = DEFINED (__EEPROM_REGION_LENGTH__)?__EEPROM_REGION_LENGTH__:0x10000
                [0x0000000000000003]                __FUSE_REGION_LENGTH__ = DEFINED (__FUSE_REGION_LENGTH__)?__FUSE_REGION_LENGTH__:0x400
                0x0000000000000400                __LOCK_REGION_LENGTH__ = DEFINED (__LOCK_REGION_LENGTH__)?__LOCK_REGION_LENGTH__:0x400
                0x0000000000000400                __SIGNATURE_REGION_LENGTH__ = DEFINED (__SIGNATURE_REGION_LENGTH__)?__SIGNATURE_REGION_LENGTH__:0x400
                0x0000000000000400                __USER_SIGNATURE_REGION_LENGTH__ = DEFINED (__USER_SIGNATURE_REGION_LENGTH__)?__USER_SIGNATURE_REGION_LENGTH__:0x400

.hash
 *(.hash)

.dynsym
 *(.dynsym)

.dynstr
 *(.dynstr)

.gnu.version
 *(.gnu.version)

.gnu.version_d
 *(.gnu.version_d)

.gnu.version_r
 *(.gnu.version_r)

.rel.init
 *(.rel.init)

.rela.init
 *(.rela.init)

.rel.text
 *(.rel.text)
 *(.rel.text.*)
 *(.rel.gnu.linkonce.t*)

.rela.text
 *(.rela.text)
 *(.rela.text.*)
 *(.rela.gnu.linkonce.t*)

.rel.fini
 *(.rel.fini)

.rela.fini
 *(.rela.fini)

.rel.rodata
 *(.rel.rodata)
 *(.rel.rodata.*)
 *(.rel.gnu.linkonce.r*)

.rela.rodata
 *(.rela.rodata)
 *(.rela.rodata.*)
 *(.rela.gnu.linkonce.r*)

.rel.data
 *(.rel.data)
 *(.rel.data.*)
 *(.rel.gnu.linkonce.d*)

.rela.data
 *(.rela.data)
 *(.rela.data.*)
 *(.rela.gnu.linkonce.d*)

.rel.ctors
 *(.rel.ctors)

.rela.ctors
 *(.rela.ctors)

.rel.dtors
 *(.rel.dtors)

.rela.dtors
 *(.rela.dtors)

.rel.got
 *(.rel.got)

.rela.got
 *(.rela.got)

.rel.bss
 *(.rel.bss)

.rela.bss
 *(.rela.bss)

.rel.plt
 *(.rel.plt)

.rela.plt
 *(.rela.plt)

.text           0x0000000000000000      0x9b4
 *(.vectors)
 .vectors       0x0000000000000000       0x8c /usr/lib/gcc/avr/5.4.0/../../../avr/lib/avr51/crtatmega128.o
                0x0000000000000000                __vectors
                0x0000000000000000                __vector_default
 *(.vectors)
 *(.progmem.gcc*)
 .progmem.gcc_sw_table
                0x000000000000008c       0xa2 twi_master.o
                0x000000000000012e                . = ALIGN (0x2)
                0x000000000000012e                __trampolines_start = .
 *(.trampolines)
 .trampolines   0x000000000000012e        0x0 linker stubs
 *(.trampolines*)
                0x000000000000012e                __trampolines_end = .
 *libprintf_flt.a:*(.progmem.data)
 *libc.a:*(.progmem.data)
 *(.progmem*)
                0x000000000000012e                . = ALIGN (0x2)
 *(.jumptables)
 *(.jumptables*)
 *(.lowtext)
 *(.lowtext*)
                0x000000000000012e                __ctors_start = .
 *(.ctors)
                0x000000000000012e                __ctors_end = .
                0x000000000000012e                __dtors_start = .
 *(.dtors)
                0x000000000000012e                __dtors_end = .
 SORT(*)(.ctors)
 SORT(*)(.dtors)
 *(.init0)
 .init0         0x000000000000012e        0x0 /usr/lib/gcc/avr/5.4.0/../../../avr/lib/avr51/crtatmega128.o
                0x000000000000012e                __init
 *(.init0)
 *(.init1)
 *(.init1)
 *(.init2)
 .init2         0x000000000000012e        0xc /usr/lib/gcc/avr/5.4.0/../../../avr/lib/avr51/crtatmega128.o
 *(.init2)
 *(.init3)
 *(.init3)
 *(.init4)
 .init4         0x000000000000013a       0x1a /usr/lib/gcc/avr/5.4.0/avr51/libgcc.a(_copy_data.o)
                0x000000000000013a                __do_copy_data
 .init4         0x0000000000000154       0x10 /usr/lib/gcc/avr/5.4.0/avr51/libgcc.a(_clear_bss.o)
                0x0000000000000154                __do_clear_bss
 *(.init4)
 *(.init5)
 *(.init5)
 *(.init6)
 *(.init6)
 *(.init7)
 *(.init7)
 *(.init8)
 *(.init8)
 *(.init9)
 .init9         0x0000000000000164        0x8 /usr/lib/gcc/avr/5.4.0/../../../avr/lib/avr51/crtatmega128.o
 *(.init9)
 *(.text)
 .text          0x000000000000016c        0x4 /usr/lib/gcc/avr/5.4.0/../../../avr/lib/avr51/crtatmega128.o
                0x000000000000016c                __vector_22
                0x000000000000016c                __vector_28
                0x000000000000016c                __vector_1
                0x000000000000016c                __vector_32
                0x000000000000016c                __vector_34
                0x000000000000016c                __vector_24
                0x000000000000016c                __vector_12
                0x000000000000016c                __bad_interrupt
                0x000000000000016c                __vector_6
                0x000000000000016c                __vector_31
                0x000000000000016c                __vector_3
                0x000000000000016c                __vector_23
                0x000000000000016c                __vector_30
                0x000000000000016c                __vector_25
                0x000000000000016c                __vector_11
                0x000000000000016c                __vector_13
                0x000000000000016c                __vector_17
                0x000000000000016c                __vector_19
                0x000000000000016c                __vector_7
                0x000000000000016c                __vector_27
                0x000000000000016c                __vector_5
                0x000000000000016c                __vector_4
                0x000000000000016c                __vector_9
                0x000000000000016c                __vector_2
                0x000000000000016c                __vector_21
                0x000000000000016c                __vector_15
                0x000000000000016c                __vector_26
                0x000000000000016c                __vector_14
                0x000000000000016c                __vector_10
                0x000000000000016c                __vector_16
                0x000000000000016c                __vector_18
                0x000000000000016c                __vector_20
 .text          0x0000000000000170       0x7c radioTest.o
                0x0000000000000170                init_tcnt3
                0x000000000000019c                __vector_29
                0x00000000000001b0                __vector_8
                0x00000000000001ce                radio_init_m
 .text          0x00000000000001ec      0x17c twi_master.o
                0x00000000000001ec                __vector_33
                0x000000000000030a                twi_busy
                0x0000000000000312                twi_start_wr
                0x0000000000000334                twi_start_rd
                0x0000000000000356                init_twi
 .text          0x0000000000000368      0x44e si4734.o
                0x0000000000000368                get_int_status
                0x00000000000003a8                fm_tune_freq
                0x00000000000003f2                radio_pwr_dwn
                0x0000000000000412                fm_rsq_status
                0x0000000000000454                fm_tune_status
                0x0000000000000496                am_tune_status
                0x00000000000004ce                am_rsq_status
                0x0000000000000506                set_property
                0x0000000000000530                fm_pwr_up
                0x0000000000000568                am_pwr_up
                0x00000000000005a0                sw_pwr_up
                0x00000000000005f0                get_rev
                0x0000000000000682                get_fm_rsq_status
 .text          0x00000000000007b6       0xf6 uart_functions.o
                0x00000000000007b6                uart_putc
                0x00000000000007c2                uart1_putc
                0x00000000000007d8                uart_puts
                0x00000000000007f4                uart1_puts
                0x000000000000081a                uart_puts_p
                0x0000000000000840                uart_init
                0x000000000000085a                uart1_init
                0x000000000000087a                uart_getc
                0x0000000000000890                uart1_getc
 .text          0x00000000000008ac        0x0 /usr/lib/gcc/avr/5.4.0/avr51/libgcc.a(_exit.o)
 .text          0x00000000000008ac        0x0 /usr/lib/gcc/avr/5.4.0/avr51/libgcc.a(_tablejump2.o)
 .text          0x00000000000008ac        0x0 /usr/lib/gcc/avr/5.4.0/avr51/libgcc.a(_copy_data.o)
 .text          0x00000000000008ac        0x0 /usr/lib/gcc/avr/5.4.0/avr51/libgcc.a(_clear_bss.o)
 .text          0x00000000000008ac        0x0 /usr/lib/gcc/avr/5.4.0/../../../avr/lib/avr51/libc.a(itoa_ncheck.o)
 .text          0x00000000000008ac        0x0 /usr/lib/gcc/avr/5.4.0/../../../avr/lib/avr51/libc.a(utoa_ncheck.o)
 .text          0x00000000000008ac        0x0 /usr/lib/gcc/avr/5.4.0/../../../avr/lib/avr51/libc.a(strrev.o)
                0x00000000000008ac                . = ALIGN (0x2)
 *(.text.*)
 .text.startup  0x00000000000008ac       0x88 radioTest.o
                0x00000000000008ac                main
 .text.libgcc.mul
                0x0000000000000934        0x0 /usr/lib/gcc/avr/5.4.0/avr51/libgcc.a(_exit.o)
 .text.libgcc.div
                0x0000000000000934        0x0 /usr/lib/gcc/avr/5.4.0/avr51/libgcc.a(_exit.o)
 .text.libgcc   0x0000000000000934        0x0 /usr/lib/gcc/avr/5.4.0/avr51/libgcc.a(_exit.o)
 .text.libgcc.prologue
                0x0000000000000934        0x0 /usr/lib/gcc/avr/5.4.0/avr51/libgcc.a(_exit.o)
 .text.libgcc.builtins
                0x0000000000000934        0x0 /usr/lib/gcc/avr/5.4.0/avr51/libgcc.a(_exit.o)
 .text.libgcc.fmul
                0x0000000000000934        0x0 /usr/lib/gcc/avr/5.4.0/avr51/libgcc.a(_exit.o)
 .text.libgcc.fixed
                0x0000000000000934        0x0 /usr/lib/gcc/avr/5.4.0/avr51/libgcc.a(_exit.o)
 .text.libgcc.mul
                0x0000000000000934        0x0 /usr/lib/gcc/avr/5.4.0/avr51/libgcc.a(_tablejump2.o)
 .text.libgcc.div
                0x0000000000000934        0x0 /usr/lib/gcc/avr/5.4.0/avr51/libgcc.a(_tablejump2.o)
 .text.libgcc   0x0000000000000934       0x12 /usr/lib/gcc/avr/5.4.0/avr51/libgcc.a(_tablejump2.o)
                0x0000000000000934                __tablejump2__
 .text.libgcc.prologue
                0x0000000000000946        0x0 /usr/lib/gcc/avr/5.4.0/avr51/libgcc.a(_tablejump2.o)
 .text.libgcc.builtins
                0x0000000000000946        0x0 /usr/lib/gcc/avr/5.4.0/avr51/libgcc.a(_tablejump2.o)
 .text.libgcc.fmul
                0x0000000000000946        0x0 /usr/lib/gcc/avr/5.4.0/avr51/libgcc.a(_tablejump2.o)
 .text.libgcc.fixed
                0x0000000000000946        0x0 /usr/lib/gcc/avr/5.4.0/avr51/libgcc.a(_tablejump2.o)
 .text.libgcc.mul
                0x0000000000000946        0x0 /usr/lib/gcc/avr/5.4.0/avr51/libgcc.a(_copy_data.o)
 .text.libgcc.div
                0x0000000000000946        0x0 /usr/lib/gcc/avr/5.4.0/avr51/libgcc.a(_copy_data.o)
 .text.libgcc   0x0000000000000946        0x0 /usr/lib/gcc/avr/5.4.0/avr51/libgcc.a(_copy_data.o)
 .text.libgcc.prologue
                0x0000000000000946        0x0 /usr/lib/gcc/avr/5.4.0/avr51/libgcc.a(_copy_data.o)
 .text.libgcc.builtins
                0x0000000000000946        0x0 /usr/lib/gcc/avr/5.4.0/avr51/libgcc.a(_copy_data.o)
 .text.libgcc.fmul
                0x0000000000000946        0x0 /usr/lib/gcc/avr/5.4.0/avr51/libgcc.a(_copy_data.o)
 .text.libgcc.fixed
                0x0000000000000946        0x0 /usr/lib/gcc/avr/5.4.0/avr51/libgcc.a(_copy_data.o)
 .text.libgcc.mul
                0x0000000000000946        0x0 /usr/lib/gcc/avr/5.4.0/avr51/libgcc.a(_clear_bss.o)
 .text.libgcc.div
                0x0000000000000946        0x0 /usr/lib/gcc/avr/5.4.0/avr51/libgcc.a(_clear_bss.o)
 .text.libgcc   0x0000000000000946        0x0 /usr/lib/gcc/avr/5.4.0/avr51/libgcc.a(_clear_bss.o)
 .text.libgcc.prologue
                0x0000000000000946        0x0 /usr/lib/gcc/avr/5.4.0/avr51/libgcc.a(_clear_bss.o)
 .text.libgcc.builtins
                0x0000000000000946        0x0 /usr/lib/gcc/avr/5.4.0/avr51/libgcc.a(_clear_bss.o)
 .text.libgcc.fmul
                0x0000000000000946        0x0 /usr/lib/gcc/avr/5.4.0/avr51/libgcc.a(_clear_bss.o)
 .text.libgcc.fixed
                0x0000000000000946        0x0 /usr/lib/gcc/avr/5.4.0/avr51/libgcc.a(_clear_bss.o)
 .text.avr-libc
                0x0000000000000946       0x16 /usr/lib/gcc/avr/5.4.0/../../../avr/lib/avr51/libc.a(itoa_ncheck.o)
                0x0000000000000946                __itoa_ncheck
 .text.avr-libc
                0x000000000000095c       0x34 /usr/lib/gcc/avr/5.4.0/../../../avr/lib/avr51/libc.a(utoa_ncheck.o)
                0x000000000000095c                __utoa_ncheck
                0x000000000000095e                __utoa_common
 .text.avr-libc
                0x0000000000000990       0x20 /usr/lib/gcc/avr/5.4.0/../../../avr/lib/avr51/libc.a(strrev.o)
                0x0000000000000990                strrev
                0x00000000000009b0                . = ALIGN (0x2)
 *(.fini9)
 .fini9         0x00000000000009b0        0x0 /usr/lib/gcc/avr/5.4.0/avr51/libgcc.a(_exit.o)
                0x00000000000009b0                exit
                0x00000000000009b0                _exit
 *(.fini9)
 *(.fini8)
 *(.fini8)
 *(.fini7)
 *(.fini7)
 *(.fini6)
 *(.fini6)
 *(.fini5)
 *(.fini5)
 *(.fini4)
 *(.fini4)
 *(.fini3)
 *(.fini3)
 *(.fini2)
 *(.fini2)
 *(.fini1)
 *(.fini1)
 *(.fini0)
 .fini0         0x00000000000009b0        0x4 /usr/lib/gcc/avr/5.4.0/avr51/libgcc.a(_exit.o)
 *(.fini0)
                0x00000000000009b4                _etext = .

.data           0x0000000000800100      0x100 load address 0x00000000000009b4
                0x0000000000800100                PROVIDE (__data_start, .)
 *(.data)
 .data          0x0000000000800100        0x0 /usr/lib/gcc/avr/5.4.0/../../../avr/lib/avr51/crtatmega128.o
 .data          0x0000000000800100        0x2 radioTest.o
                0x0000000000800100                current_fm_freq
 .data          0x0000000000800102        0x0 twi_master.o
 .data          0x0000000000800102        0x0 si4734.o
 .data          0x0000000000800102        0x0 uart_functions.o
 .data          0x0000000000800102        0x0 /usr/lib/gcc/avr/5.4.0/avr51/libgcc.a(_exit.o)
 .data          0x0000000000800102        0x0 /usr/lib/gcc/avr/5.4.0/avr51/libgcc.a(_tablejump2.o)
 .data          0x0000000000800102        0x0 /usr/lib/gcc/avr/5.4.0/avr51/libgcc.a(_copy_data.o)
 .data          0x0000000000800102        0x0 /usr/lib/gcc/avr/5.4.0/avr51/libgcc.a(_clear_bss.o)
 .data          0x0000000000800102        0x0 /usr/lib/gcc/avr/5.4.0/../../../avr/lib/avr51/libc.a(itoa_ncheck.o)
 .data          0x0000000000800102        0x0 /usr/lib/gcc/avr/5.4.0/../../../avr/lib/avr51/libc.a(utoa_ncheck.o)
 .data          0x0000000000800102        0x0 /usr/lib/gcc/avr/5.4.0/../../../avr/lib/avr51/libc.a(strrev.o)
 *(.data*)
 *(.rodata)
 *(.rodata*)
 .rodata.str1.1
                0x0000000000800102       0xfd si4734.o
                                        0x10e (size before relaxing)
 *(.gnu.linkonce.d*)
                0x0000000000800200                . = ALIGN (0x2)
 *fill*         0x00000000008001ff        0x1 
                0x0000000000800200                _edata = .
                0x0000000000800200                PROVIDE (__data_end, .)

.bss            0x0000000000800200       0xd7
                0x0000000000800200                PROVIDE (__bss_start, .)
 *(.bss)
 .bss           0x0000000000800200        0x0 /usr/lib/gcc/avr/5.4.0/../../../avr/lib/avr51/crtatmega128.o
 .bss           0x0000000000800200        0x0 radioTest.o
 .bss           0x0000000000800200        0x1 twi_master.o
 .bss           0x0000000000800201        0x0 si4734.o
 .bss           0x0000000000800201        0x0 uart_functions.o
 .bss           0x0000000000800201        0x0 /usr/lib/gcc/avr/5.4.0/avr51/libgcc.a(_exit.o)
 .bss           0x0000000000800201        0x0 /usr/lib/gcc/avr/5.4.0/avr51/libgcc.a(_tablejump2.o)
 .bss           0x0000000000800201        0x0 /usr/lib/gcc/avr/5.4.0/avr51/libgcc.a(_copy_data.o)
 .bss           0x0000000000800201        0x0 /usr/lib/gcc/avr/5.4.0/avr51/libgcc.a(_clear_bss.o)
 .bss           0x0000000000800201        0x0 /usr/lib/gcc/avr/5.4.0/../../../avr/lib/avr51/libc.a(itoa_ncheck.o)
 .bss           0x0000000000800201        0x0 /usr/lib/gcc/avr/5.4.0/../../../avr/lib/avr51/libc.a(utoa_ncheck.o)
 .bss           0x0000000000800201        0x0 /usr/lib/gcc/avr/5.4.0/../../../avr/lib/avr51/libc.a(strrev.o)
 *(.bss*)
 *(COMMON)
 COMMON         0x0000000000800201        0x5 twi_master.o
                0x0000000000800201                twi_state
                0x0000000000800202                twi_buf
                0x0000000000800204                twi_bus_addr
                0x0000000000800205                twi_msg_size
 COMMON         0x0000000000800206       0x31 si4734.o
                0x0000000000800206                si4734_wr_buf
                0x000000000080020f                si4734_tune_status_buf
                0x0000000000800217                si4734_revision_buf
                0x0000000000800227                STC_interrupt
                0x0000000000800228                si4734_rd_buf
 COMMON         0x0000000000800237       0xa0 uart_functions.o
                0x0000000000800237                uart_tx_buf
                0x000000000080025f                uart1_tx_buf
                0x0000000000800287                uart1_rx_buf
                0x00000000008002af                uart_rx_buf
                0x00000000008002d7                PROVIDE (__bss_end, .)
                0x00000000000009b4                __data_load_start = LOADADDR (.data)
                0x0000000000000ab4                __data_load_end = (__data_load_start + SIZEOF (.data))

.noinit         0x00000000008002d7        0x0
                [!provide]                        PROVIDE (__noinit_start, .)
 *(.noinit*)
                [!provide]                        PROVIDE (__noinit_end, .)
                0x00000000008002d7                _end = .
                [!provide]                        PROVIDE (__heap_start, .)

.eeprom         0x0000000000810000        0x0
 *(.eeprom*)
                0x0000000000810000                __eeprom_end = .

.fuse
 *(.fuse)
 *(.lfuse)
 *(.hfuse)
 *(.efuse)

.lock
 *(.lock*)

.signature
 *(.signature*)

.user_signatures
 *(.user_signatures*)

.stab           0x0000000000000000     0x246c
 *(.stab)
 .stab          0x0000000000000000      0x84c radioTest.o
 .stab          0x000000000000084c      0x678 twi_master.o
                                        0x894 (size before relaxing)
 .stab          0x0000000000000ec4      0xdbc si4734.o
                                        0xfe4 (size before relaxing)
 .stab          0x0000000000001c80      0x7ec uart_functions.o
                                        0xa08 (size before relaxing)

.stabstr        0x0000000000000000     0x13e1
 *(.stabstr)
 .stabstr       0x0000000000000000     0x13e1 radioTest.o

.stab.excl
 *(.stab.excl)

.stab.exclstr
 *(.stab.exclstr)

.stab.index
 *(.stab.index)

.stab.indexstr
 *(.stab.indexstr)

.comment        0x0000000000000000       0x11
 *(.comment)
 .comment       0x0000000000000000       0x11 radioTest.o
                                         0x12 (size before relaxing)
 .comment       0x0000000000000011       0x12 twi_master.o
 .comment       0x0000000000000011       0x12 si4734.o
 .comment       0x0000000000000011       0x12 uart_functions.o

.note.gnu.avr.deviceinfo
                0x0000000000000000       0x3c
 .note.gnu.avr.deviceinfo
                0x0000000000000000       0x3c /usr/lib/gcc/avr/5.4.0/../../../avr/lib/avr51/crtatmega128.o

.note.gnu.build-id
 *(.note.gnu.build-id)

.debug
 *(.debug)

.line
 *(.line)

.debug_srcinfo
 *(.debug_srcinfo)

.debug_sfnames
 *(.debug_sfnames)

.debug_aranges
 *(.debug_aranges)

.debug_pubnames
 *(.debug_pubnames)

.debug_info     0x0000000000000000      0x780
 *(.debug_info .gnu.linkonce.wi.*)
 .debug_info    0x0000000000000000      0x780 /usr/lib/gcc/avr/5.4.0/../../../avr/lib/avr51/crtatmega128.o

.debug_abbrev   0x0000000000000000      0x718
 *(.debug_abbrev)
 .debug_abbrev  0x0000000000000000      0x718 /usr/lib/gcc/avr/5.4.0/../../../avr/lib/avr51/crtatmega128.o

.debug_line     0x0000000000000000       0x1a
 *(.debug_line .debug_line.* .debug_line_end)
 .debug_line    0x0000000000000000       0x1a /usr/lib/gcc/avr/5.4.0/../../../avr/lib/avr51/crtatmega128.o

.debug_frame
 *(.debug_frame)

.debug_str      0x0000000000000000      0x27d
 *(.debug_str)
 .debug_str     0x0000000000000000      0x27d /usr/lib/gcc/avr/5.4.0/../../../avr/lib/avr51/crtatmega128.o

.debug_loc
 *(.debug_loc)

.debug_macinfo
 *(.debug_macinfo)

.debug_weaknames
 *(.debug_weaknames)

.debug_funcnames
 *(.debug_funcnames)

.debug_typenames
 *(.debug_typenames)

.debug_varnames
 *(.debug_varnames)

.debug_pubtypes
 *(.debug_pubtypes)

.debug_ranges
 *(.debug_ranges)

.debug_macro
 *(.debug_macro)
OUTPUT(radioTest.elf elf32-avr)
LOAD linker stubs
