Archive member included to satisfy reference by file (symbol)

/usr/lib/gcc/avr/5.4.0/avr51/libgcc.a(_divmodhi4.o)
                              hd44780.o (__divmodhi4)
/usr/lib/gcc/avr/5.4.0/avr51/libgcc.a(_divmodsi4.o)
                              hd44780.o (__divmodsi4)
/usr/lib/gcc/avr/5.4.0/avr51/libgcc.a(_negsi2.o)
                              /usr/lib/gcc/avr/5.4.0/avr51/libgcc.a(_divmodsi4.o) (__negsi2)
/usr/lib/gcc/avr/5.4.0/avr51/libgcc.a(_exit.o)
                              /usr/lib/gcc/avr/5.4.0/../../../avr/lib/avr51/crtatmega128.o (exit)
/usr/lib/gcc/avr/5.4.0/avr51/libgcc.a(_tablejump2.o)
                              twi_master.o (__tablejump2__)
/usr/lib/gcc/avr/5.4.0/avr51/libgcc.a(_copy_data.o)
                              lab5_ml.o (__do_copy_data)
/usr/lib/gcc/avr/5.4.0/avr51/libgcc.a(_clear_bss.o)
                              lab5_ml.o (__do_clear_bss)
/usr/lib/gcc/avr/5.4.0/avr51/libgcc.a(_umulhisi3.o)
                              lm73_functions.o (__umulhisi3)
/usr/lib/gcc/avr/5.4.0/avr51/libgcc.a(_udivmodhi4.o)
                              /usr/lib/gcc/avr/5.4.0/avr51/libgcc.a(_divmodhi4.o) (__udivmodhi4)
/usr/lib/gcc/avr/5.4.0/avr51/libgcc.a(_udivmodsi4.o)
                              /usr/lib/gcc/avr/5.4.0/avr51/libgcc.a(_divmodsi4.o) (__udivmodsi4)
/usr/lib/gcc/avr/5.4.0/../../../avr/lib/avr51/libm.a(addsf3.o)
                              lab5_ml.o (__subsf3)
/usr/lib/gcc/avr/5.4.0/../../../avr/lib/avr51/libm.a(addsf3x.o)
                              /usr/lib/gcc/avr/5.4.0/../../../avr/lib/avr51/libm.a(addsf3.o) (__addsf3x)
/usr/lib/gcc/avr/5.4.0/../../../avr/lib/avr51/libm.a(fixsfsi.o)
                              lab5_ml.o (__fixsfsi)
/usr/lib/gcc/avr/5.4.0/../../../avr/lib/avr51/libm.a(fixunssfsi.o)
                              /usr/lib/gcc/avr/5.4.0/../../../avr/lib/avr51/libm.a(fixsfsi.o) (__fixunssfsi)
/usr/lib/gcc/avr/5.4.0/../../../avr/lib/avr51/libm.a(floatsisf.o)
                              lab5_ml.o (__floatunsisf)
/usr/lib/gcc/avr/5.4.0/../../../avr/lib/avr51/libm.a(fp_inf.o)
                              /usr/lib/gcc/avr/5.4.0/../../../avr/lib/avr51/libm.a(addsf3x.o) (__fp_inf)
/usr/lib/gcc/avr/5.4.0/../../../avr/lib/avr51/libm.a(fp_nan.o)
                              /usr/lib/gcc/avr/5.4.0/../../../avr/lib/avr51/libm.a(addsf3x.o) (__fp_nan)
/usr/lib/gcc/avr/5.4.0/../../../avr/lib/avr51/libm.a(fp_pscA.o)
                              /usr/lib/gcc/avr/5.4.0/../../../avr/lib/avr51/libm.a(addsf3x.o) (__fp_pscA)
/usr/lib/gcc/avr/5.4.0/../../../avr/lib/avr51/libm.a(fp_pscB.o)
                              /usr/lib/gcc/avr/5.4.0/../../../avr/lib/avr51/libm.a(addsf3x.o) (__fp_pscB)
/usr/lib/gcc/avr/5.4.0/../../../avr/lib/avr51/libm.a(fp_round.o)
                              /usr/lib/gcc/avr/5.4.0/../../../avr/lib/avr51/libm.a(addsf3.o) (__fp_round)
/usr/lib/gcc/avr/5.4.0/../../../avr/lib/avr51/libm.a(fp_split3.o)
                              /usr/lib/gcc/avr/5.4.0/../../../avr/lib/avr51/libm.a(addsf3x.o) (__fp_split3)
/usr/lib/gcc/avr/5.4.0/../../../avr/lib/avr51/libm.a(fp_zero.o)
                              /usr/lib/gcc/avr/5.4.0/../../../avr/lib/avr51/libm.a(addsf3x.o) (__fp_zero)
/usr/lib/gcc/avr/5.4.0/../../../avr/lib/avr51/libm.a(mulsf3.o)
                              lab5_ml.o (__mulsf3)
/usr/lib/gcc/avr/5.4.0/../../../avr/lib/avr51/libm.a(mulsf3x.o)
                              /usr/lib/gcc/avr/5.4.0/../../../avr/lib/avr51/libm.a(mulsf3.o) (__mulsf3x)
/usr/lib/gcc/avr/5.4.0/../../../avr/lib/avr51/libc.a(strcat.o)
                              lm73_functions.o (strcat)
/usr/lib/gcc/avr/5.4.0/../../../avr/lib/avr51/libc.a(strcpy.o)
                              lm73_functions.o (strcpy)
/usr/lib/gcc/avr/5.4.0/../../../avr/lib/avr51/libc.a(itoa_ncheck.o)
                              lm73_functions.o (__itoa_ncheck)
/usr/lib/gcc/avr/5.4.0/../../../avr/lib/avr51/libc.a(utoa_ncheck.o)
                              /usr/lib/gcc/avr/5.4.0/../../../avr/lib/avr51/libc.a(itoa_ncheck.o) (__utoa_common)
/usr/lib/gcc/avr/5.4.0/../../../avr/lib/avr51/libc.a(strrev.o)
                              /usr/lib/gcc/avr/5.4.0/../../../avr/lib/avr51/libc.a(utoa_ncheck.o) (strrev)

Allocating common symbols
Common symbol       size              file

uart_tx_buf         0x28              uart_functions.o
twi_state           0x1               twi_master.o
twi_buf             0x2               twi_master.o
uart1_tx_buf        0x28              uart_functions.o
debug_array         0x10              lab5_ml.o
lcd_string_array    0x20              hd44780.o
adc_result          0x2               lab5_ml.o
lm73_wr_buf         0x2               lm73_functions.o
lm73_temp           0x2               lab5_ml.o
rx_array            0x10              lab5_ml.o
lcd_str_temperature
                    0x10              lab5_ml.o
twi_bus_addr        0x1               twi_master.o
lcd_str             0x10              hd44780.o
twi_msg_size        0x1               twi_master.o
uart1_rx_buf        0x28              uart_functions.o
lm73_rd_buf         0x2               lm73_functions.o
uart_rx_buf         0x28              uart_functions.o
rx_char             0x1               lab5_ml.o
segment_data        0x5               lab5_ml.o

Memory Configuration

Name             Origin             Length             Attributes
text             0x0000000000000000 0x0000000000020000 xr
data             0x0000000000800100 0x000000000000ff00 rw !x
eeprom           0x0000000000810000 0x0000000000010000 rw !x
fuse             0x0000000000820000 0x0000000000000003 rw !x
lock             0x0000000000830000 0x0000000000000400 rw !x
signature        0x0000000000840000 0x0000000000000400 rw !x
user_signatures  0x0000000000850000 0x0000000000000400 rw !x
*default*        0x0000000000000000 0xffffffffffffffff

Linker script and memory map

Address of section .data set to 0x800100
LOAD /usr/lib/gcc/avr/5.4.0/../../../avr/lib/avr51/crtatmega128.o
LOAD lab5_ml.o
LOAD hd44780.o
LOAD lm73_functions.o
LOAD twi_master.o
LOAD uart_functions.o
START GROUP
LOAD /usr/lib/gcc/avr/5.4.0/avr51/libgcc.a
LOAD /usr/lib/gcc/avr/5.4.0/../../../avr/lib/avr51/libm.a
LOAD /usr/lib/gcc/avr/5.4.0/../../../avr/lib/avr51/libc.a
LOAD /usr/lib/gcc/avr/5.4.0/../../../avr/lib/avr51/libatmega128.a
END GROUP
                0x0000000000020000                __TEXT_REGION_LENGTH__ = DEFINED (__TEXT_REGION_LENGTH__)?__TEXT_REGION_LENGTH__:0x20000
                0x000000000000ff00                __DATA_REGION_LENGTH__ = DEFINED (__DATA_REGION_LENGTH__)?__DATA_REGION_LENGTH__:0xff00
                0x0000000000010000                __EEPROM_REGION_LENGTH__ = DEFINED (__EEPROM_REGION_LENGTH__)?__EEPROM_REGION_LENGTH__:0x10000
                [0x0000000000000003]                __FUSE_REGION_LENGTH__ = DEFINED (__FUSE_REGION_LENGTH__)?__FUSE_REGION_LENGTH__:0x400
                0x0000000000000400                __LOCK_REGION_LENGTH__ = DEFINED (__LOCK_REGION_LENGTH__)?__LOCK_REGION_LENGTH__:0x400
                0x0000000000000400                __SIGNATURE_REGION_LENGTH__ = DEFINED (__SIGNATURE_REGION_LENGTH__)?__SIGNATURE_REGION_LENGTH__:0x400
                0x0000000000000400                __USER_SIGNATURE_REGION_LENGTH__ = DEFINED (__USER_SIGNATURE_REGION_LENGTH__)?__USER_SIGNATURE_REGION_LENGTH__:0x400

.hash
 *(.hash)

.dynsym
 *(.dynsym)

.dynstr
 *(.dynstr)

.gnu.version
 *(.gnu.version)

.gnu.version_d
 *(.gnu.version_d)

.gnu.version_r
 *(.gnu.version_r)

.rel.init
 *(.rel.init)

.rela.init
 *(.rela.init)

.rel.text
 *(.rel.text)
 *(.rel.text.*)
 *(.rel.gnu.linkonce.t*)

.rela.text
 *(.rela.text)
 *(.rela.text.*)
 *(.rela.gnu.linkonce.t*)

.rel.fini
 *(.rel.fini)

.rela.fini
 *(.rela.fini)

.rel.rodata
 *(.rel.rodata)
 *(.rel.rodata.*)
 *(.rel.gnu.linkonce.r*)

.rela.rodata
 *(.rela.rodata)
 *(.rela.rodata.*)
 *(.rela.gnu.linkonce.r*)

.rel.data
 *(.rel.data)
 *(.rel.data.*)
 *(.rel.gnu.linkonce.d*)

.rela.data
 *(.rela.data)
 *(.rela.data.*)
 *(.rela.gnu.linkonce.d*)

.rel.ctors
 *(.rel.ctors)

.rela.ctors
 *(.rela.ctors)

.rel.dtors
 *(.rel.dtors)

.rela.dtors
 *(.rela.dtors)

.rel.got
 *(.rel.got)

.rela.got
 *(.rela.got)

.rel.bss
 *(.rel.bss)

.rela.bss
 *(.rela.bss)

.rel.plt
 *(.rel.plt)

.rela.plt
 *(.rela.plt)

.text           0x0000000000000000     0x250c
 *(.vectors)
 .vectors       0x0000000000000000       0x8c /usr/lib/gcc/avr/5.4.0/../../../avr/lib/avr51/crtatmega128.o
                0x0000000000000000                __vectors
                0x0000000000000000                __vector_default
 *(.vectors)
 *(.progmem.gcc*)
 .progmem.gcc_sw_table
                0x000000000000008c       0xa2 twi_master.o
                0x000000000000012e                . = ALIGN (0x2)
                0x000000000000012e                __trampolines_start = .
 *(.trampolines)
 .trampolines   0x000000000000012e        0x0 linker stubs
 *(.trampolines*)
                0x000000000000012e                __trampolines_end = .
 *libprintf_flt.a:*(.progmem.data)
 *libc.a:*(.progmem.data)
 *(.progmem*)
                0x000000000000012e                . = ALIGN (0x2)
 *(.jumptables)
 *(.jumptables*)
 *(.lowtext)
 *(.lowtext*)
                0x000000000000012e                __ctors_start = .
 *(.ctors)
                0x000000000000012e                __ctors_end = .
                0x000000000000012e                __dtors_start = .
 *(.dtors)
                0x000000000000012e                __dtors_end = .
 SORT(*)(.ctors)
 SORT(*)(.dtors)
 *(.init0)
 .init0         0x000000000000012e        0x0 /usr/lib/gcc/avr/5.4.0/../../../avr/lib/avr51/crtatmega128.o
                0x000000000000012e                __init
 *(.init0)
 *(.init1)
 *(.init1)
 *(.init2)
 .init2         0x000000000000012e        0xc /usr/lib/gcc/avr/5.4.0/../../../avr/lib/avr51/crtatmega128.o
 *(.init2)
 *(.init3)
 *(.init3)
 *(.init4)
 .init4         0x000000000000013a       0x1a /usr/lib/gcc/avr/5.4.0/avr51/libgcc.a(_copy_data.o)
                0x000000000000013a                __do_copy_data
 .init4         0x0000000000000154       0x10 /usr/lib/gcc/avr/5.4.0/avr51/libgcc.a(_clear_bss.o)
                0x0000000000000154                __do_clear_bss
 *(.init4)
 *(.init5)
 *(.init5)
 *(.init6)
 *(.init6)
 *(.init7)
 *(.init7)
 *(.init8)
 *(.init8)
 *(.init9)
 .init9         0x0000000000000164        0x8 /usr/lib/gcc/avr/5.4.0/../../../avr/lib/avr51/crtatmega128.o
 *(.init9)
 *(.text)
 .text          0x000000000000016c        0x4 /usr/lib/gcc/avr/5.4.0/../../../avr/lib/avr51/crtatmega128.o
                0x000000000000016c                __vector_22
                0x000000000000016c                __vector_28
                0x000000000000016c                __vector_1
                0x000000000000016c                __vector_32
                0x000000000000016c                __vector_34
                0x000000000000016c                __vector_24
                0x000000000000016c                __bad_interrupt
                0x000000000000016c                __vector_6
                0x000000000000016c                __vector_31
                0x000000000000016c                __vector_3
                0x000000000000016c                __vector_23
                0x000000000000016c                __vector_30
                0x000000000000016c                __vector_25
                0x000000000000016c                __vector_11
                0x000000000000016c                __vector_13
                0x000000000000016c                __vector_17
                0x000000000000016c                __vector_19
                0x000000000000016c                __vector_7
                0x000000000000016c                __vector_27
                0x000000000000016c                __vector_5
                0x000000000000016c                __vector_4
                0x000000000000016c                __vector_9
                0x000000000000016c                __vector_2
                0x000000000000016c                __vector_21
                0x000000000000016c                __vector_15
                0x000000000000016c                __vector_8
                0x000000000000016c                __vector_26
                0x000000000000016c                __vector_14
                0x000000000000016c                __vector_20
 .text          0x0000000000000170      0xede lab5_ml.o
                0x0000000000000170                debounce_switch
                0x00000000000001b0                update_lcd_alarm
                0x00000000000001f6                init_tcnt0
                0x000000000000020a                init_tcnt2
                0x000000000000021e                init_tcnt3
                0x000000000000024a                init_tcnt1
                0x0000000000000260                read_LM73
                0x000000000000028c                __vector_12
                0x00000000000003e0                update_time
                0x0000000000000444                decoder
                0x0000000000000498                adc_init
                0x00000000000004ba                adc_read
                0x00000000000004c8                decode_time
                0x000000000000078c                update_lcd_temp
                0x000000000000085a                __vector_18
                0x00000000000008ae                __vector_16
                0x0000000000000934                update_inc_dec
                0x0000000000000982                update_mode
                0x0000000000000a68                spi_read
                0x0000000000000a72                read_encoders
                0x0000000000000e98                __vector_10
                0x0000000000000f16                spi_init
                0x0000000000000f26                display_mode
                0x0000000000000f40                lcd_ports
                0x0000000000000f56                __vector_29
 .text          0x000000000000104e      0x9e8 hd44780.o
                0x000000000000104e                send_lcd
                0x0000000000001084                refresh_lcd
                0x000000000000113e                set_custom_character
                0x00000000000011b2                set_cursor
                0x00000000000011ea                uint2lcd
                0x00000000000012e4                int2lcd
                0x0000000000001320                cursor_on
                0x0000000000001350                cursor_off
                0x0000000000001380                shift_right
                0x00000000000013b0                shift_left
                0x00000000000013e0                strobe_lcd
                0x00000000000013f2                clear_display
                0x0000000000001422                cursor_home
                0x0000000000001452                home_line2
                0x0000000000001482                fill_spaces
                0x00000000000014ba                char2lcd
                0x00000000000014ea                string2lcd
                0x0000000000001548                lcd_init
                0x00000000000016cc                lcd_int32
                0x000000000000187c                lcd_int16
 .text          0x0000000000001a36      0x242 lm73_functions.o
                0x0000000000001a36                lm73_temp_convert
                0x0000000000001c5c                read_temperature
 .text          0x0000000000001c78      0x17c twi_master.o
                0x0000000000001c78                __vector_33
                0x0000000000001d96                twi_busy
                0x0000000000001d9e                twi_start_wr
                0x0000000000001dc0                twi_start_rd
                0x0000000000001de2                init_twi
 .text          0x0000000000001df4       0xf6 uart_functions.o
                0x0000000000001df4                uart_putc
                0x0000000000001e00                uart1_putc
                0x0000000000001e16                uart_puts
                0x0000000000001e32                uart1_puts
                0x0000000000001e58                uart_puts_p
                0x0000000000001e7e                uart_init
                0x0000000000001e98                uart1_init
                0x0000000000001eb8                uart_getc
                0x0000000000001ece                uart1_getc
 .text          0x0000000000001eea        0x0 /usr/lib/gcc/avr/5.4.0/avr51/libgcc.a(_divmodhi4.o)
 .text          0x0000000000001eea        0x0 /usr/lib/gcc/avr/5.4.0/avr51/libgcc.a(_divmodsi4.o)
 .text          0x0000000000001eea        0x0 /usr/lib/gcc/avr/5.4.0/avr51/libgcc.a(_negsi2.o)
 .text          0x0000000000001eea        0x0 /usr/lib/gcc/avr/5.4.0/avr51/libgcc.a(_exit.o)
 .text          0x0000000000001eea        0x0 /usr/lib/gcc/avr/5.4.0/avr51/libgcc.a(_tablejump2.o)
 .text          0x0000000000001eea        0x0 /usr/lib/gcc/avr/5.4.0/avr51/libgcc.a(_copy_data.o)
 .text          0x0000000000001eea        0x0 /usr/lib/gcc/avr/5.4.0/avr51/libgcc.a(_clear_bss.o)
 .text          0x0000000000001eea        0x0 /usr/lib/gcc/avr/5.4.0/avr51/libgcc.a(_umulhisi3.o)
 .text          0x0000000000001eea        0x0 /usr/lib/gcc/avr/5.4.0/avr51/libgcc.a(_udivmodhi4.o)
 .text          0x0000000000001eea        0x0 /usr/lib/gcc/avr/5.4.0/avr51/libgcc.a(_udivmodsi4.o)
 .text          0x0000000000001eea        0x0 /usr/lib/gcc/avr/5.4.0/../../../avr/lib/avr51/libm.a(addsf3.o)
 .text          0x0000000000001eea        0x0 /usr/lib/gcc/avr/5.4.0/../../../avr/lib/avr51/libm.a(addsf3x.o)
 .text          0x0000000000001eea        0x0 /usr/lib/gcc/avr/5.4.0/../../../avr/lib/avr51/libm.a(fixsfsi.o)
 .text          0x0000000000001eea        0x0 /usr/lib/gcc/avr/5.4.0/../../../avr/lib/avr51/libm.a(fixunssfsi.o)
 .text          0x0000000000001eea        0x0 /usr/lib/gcc/avr/5.4.0/../../../avr/lib/avr51/libm.a(floatsisf.o)
 .text          0x0000000000001eea        0x0 /usr/lib/gcc/avr/5.4.0/../../../avr/lib/avr51/libm.a(fp_inf.o)
 .text          0x0000000000001eea        0x0 /usr/lib/gcc/avr/5.4.0/../../../avr/lib/avr51/libm.a(fp_nan.o)
 .text          0x0000000000001eea        0x0 /usr/lib/gcc/avr/5.4.0/../../../avr/lib/avr51/libm.a(fp_pscA.o)
 .text          0x0000000000001eea        0x0 /usr/lib/gcc/avr/5.4.0/../../../avr/lib/avr51/libm.a(fp_pscB.o)
 .text          0x0000000000001eea        0x0 /usr/lib/gcc/avr/5.4.0/../../../avr/lib/avr51/libm.a(fp_round.o)
 .text          0x0000000000001eea        0x0 /usr/lib/gcc/avr/5.4.0/../../../avr/lib/avr51/libm.a(fp_split3.o)
 .text          0x0000000000001eea        0x0 /usr/lib/gcc/avr/5.4.0/../../../avr/lib/avr51/libm.a(fp_zero.o)
 .text          0x0000000000001eea        0x0 /usr/lib/gcc/avr/5.4.0/../../../avr/lib/avr51/libm.a(mulsf3.o)
 .text          0x0000000000001eea        0x0 /usr/lib/gcc/avr/5.4.0/../../../avr/lib/avr51/libm.a(mulsf3x.o)
 .text          0x0000000000001eea        0x0 /usr/lib/gcc/avr/5.4.0/../../../avr/lib/avr51/libc.a(strcat.o)
 .text          0x0000000000001eea        0x0 /usr/lib/gcc/avr/5.4.0/../../../avr/lib/avr51/libc.a(strcpy.o)
 .text          0x0000000000001eea        0x0 /usr/lib/gcc/avr/5.4.0/../../../avr/lib/avr51/libc.a(itoa_ncheck.o)
 .text          0x0000000000001eea        0x0 /usr/lib/gcc/avr/5.4.0/../../../avr/lib/avr51/libc.a(utoa_ncheck.o)
 .text          0x0000000000001eea        0x0 /usr/lib/gcc/avr/5.4.0/../../../avr/lib/avr51/libc.a(strrev.o)
                0x0000000000001eea                . = ALIGN (0x2)
 *(.text.*)
 .text.startup  0x0000000000001eea      0x152 lab5_ml.o
                0x0000000000001eea                main
 .text.libgcc.mul
                0x000000000000203c        0x0 /usr/lib/gcc/avr/5.4.0/avr51/libgcc.a(_divmodhi4.o)
 .text.libgcc.div
                0x000000000000203c       0x28 /usr/lib/gcc/avr/5.4.0/avr51/libgcc.a(_divmodhi4.o)
                0x000000000000203c                __divmodhi4
                0x000000000000203c                _div
 .text.libgcc   0x0000000000002064        0x0 /usr/lib/gcc/avr/5.4.0/avr51/libgcc.a(_divmodhi4.o)
 .text.libgcc.prologue
                0x0000000000002064        0x0 /usr/lib/gcc/avr/5.4.0/avr51/libgcc.a(_divmodhi4.o)
 .text.libgcc.builtins
                0x0000000000002064        0x0 /usr/lib/gcc/avr/5.4.0/avr51/libgcc.a(_divmodhi4.o)
 .text.libgcc.fmul
                0x0000000000002064        0x0 /usr/lib/gcc/avr/5.4.0/avr51/libgcc.a(_divmodhi4.o)
 .text.libgcc.fixed
                0x0000000000002064        0x0 /usr/lib/gcc/avr/5.4.0/avr51/libgcc.a(_divmodhi4.o)
 .text.libgcc.mul
                0x0000000000002064        0x0 /usr/lib/gcc/avr/5.4.0/avr51/libgcc.a(_divmodsi4.o)
 .text.libgcc.div
                0x0000000000002064       0x2e /usr/lib/gcc/avr/5.4.0/avr51/libgcc.a(_divmodsi4.o)
                0x0000000000002064                __divmodsi4
 .text.libgcc   0x0000000000002092        0x0 /usr/lib/gcc/avr/5.4.0/avr51/libgcc.a(_divmodsi4.o)
 .text.libgcc.prologue
                0x0000000000002092        0x0 /usr/lib/gcc/avr/5.4.0/avr51/libgcc.a(_divmodsi4.o)
 .text.libgcc.builtins
                0x0000000000002092        0x0 /usr/lib/gcc/avr/5.4.0/avr51/libgcc.a(_divmodsi4.o)
 .text.libgcc.fmul
                0x0000000000002092        0x0 /usr/lib/gcc/avr/5.4.0/avr51/libgcc.a(_divmodsi4.o)
 .text.libgcc.fixed
                0x0000000000002092        0x0 /usr/lib/gcc/avr/5.4.0/avr51/libgcc.a(_divmodsi4.o)
 .text.libgcc.mul
                0x0000000000002092        0x0 /usr/lib/gcc/avr/5.4.0/avr51/libgcc.a(_negsi2.o)
 .text.libgcc.div
                0x0000000000002092       0x10 /usr/lib/gcc/avr/5.4.0/avr51/libgcc.a(_negsi2.o)
                0x0000000000002092                __negsi2
 .text.libgcc   0x00000000000020a2        0x0 /usr/lib/gcc/avr/5.4.0/avr51/libgcc.a(_negsi2.o)
 .text.libgcc.prologue
                0x00000000000020a2        0x0 /usr/lib/gcc/avr/5.4.0/avr51/libgcc.a(_negsi2.o)
 .text.libgcc.builtins
                0x00000000000020a2        0x0 /usr/lib/gcc/avr/5.4.0/avr51/libgcc.a(_negsi2.o)
 .text.libgcc.fmul
                0x00000000000020a2        0x0 /usr/lib/gcc/avr/5.4.0/avr51/libgcc.a(_negsi2.o)
 .text.libgcc.fixed
                0x00000000000020a2        0x0 /usr/lib/gcc/avr/5.4.0/avr51/libgcc.a(_negsi2.o)
 .text.libgcc.mul
                0x00000000000020a2        0x0 /usr/lib/gcc/avr/5.4.0/avr51/libgcc.a(_exit.o)
 .text.libgcc.div
                0x00000000000020a2        0x0 /usr/lib/gcc/avr/5.4.0/avr51/libgcc.a(_exit.o)
 .text.libgcc   0x00000000000020a2        0x0 /usr/lib/gcc/avr/5.4.0/avr51/libgcc.a(_exit.o)
 .text.libgcc.prologue
                0x00000000000020a2        0x0 /usr/lib/gcc/avr/5.4.0/avr51/libgcc.a(_exit.o)
 .text.libgcc.builtins
                0x00000000000020a2        0x0 /usr/lib/gcc/avr/5.4.0/avr51/libgcc.a(_exit.o)
 .text.libgcc.fmul
                0x00000000000020a2        0x0 /usr/lib/gcc/avr/5.4.0/avr51/libgcc.a(_exit.o)
 .text.libgcc.fixed
                0x00000000000020a2        0x0 /usr/lib/gcc/avr/5.4.0/avr51/libgcc.a(_exit.o)
 .text.libgcc.mul
                0x00000000000020a2        0x0 /usr/lib/gcc/avr/5.4.0/avr51/libgcc.a(_tablejump2.o)
 .text.libgcc.div
                0x00000000000020a2        0x0 /usr/lib/gcc/avr/5.4.0/avr51/libgcc.a(_tablejump2.o)
 .text.libgcc   0x00000000000020a2       0x12 /usr/lib/gcc/avr/5.4.0/avr51/libgcc.a(_tablejump2.o)
                0x00000000000020a2                __tablejump2__
 .text.libgcc.prologue
                0x00000000000020b4        0x0 /usr/lib/gcc/avr/5.4.0/avr51/libgcc.a(_tablejump2.o)
 .text.libgcc.builtins
                0x00000000000020b4        0x0 /usr/lib/gcc/avr/5.4.0/avr51/libgcc.a(_tablejump2.o)
 .text.libgcc.fmul
                0x00000000000020b4        0x0 /usr/lib/gcc/avr/5.4.0/avr51/libgcc.a(_tablejump2.o)
 .text.libgcc.fixed
                0x00000000000020b4        0x0 /usr/lib/gcc/avr/5.4.0/avr51/libgcc.a(_tablejump2.o)
 .text.libgcc.mul
                0x00000000000020b4        0x0 /usr/lib/gcc/avr/5.4.0/avr51/libgcc.a(_copy_data.o)
 .text.libgcc.div
                0x00000000000020b4        0x0 /usr/lib/gcc/avr/5.4.0/avr51/libgcc.a(_copy_data.o)
 .text.libgcc   0x00000000000020b4        0x0 /usr/lib/gcc/avr/5.4.0/avr51/libgcc.a(_copy_data.o)
 .text.libgcc.prologue
                0x00000000000020b4        0x0 /usr/lib/gcc/avr/5.4.0/avr51/libgcc.a(_copy_data.o)
 .text.libgcc.builtins
                0x00000000000020b4        0x0 /usr/lib/gcc/avr/5.4.0/avr51/libgcc.a(_copy_data.o)
 .text.libgcc.fmul
                0x00000000000020b4        0x0 /usr/lib/gcc/avr/5.4.0/avr51/libgcc.a(_copy_data.o)
 .text.libgcc.fixed
                0x00000000000020b4        0x0 /usr/lib/gcc/avr/5.4.0/avr51/libgcc.a(_copy_data.o)
 .text.libgcc.mul
                0x00000000000020b4        0x0 /usr/lib/gcc/avr/5.4.0/avr51/libgcc.a(_clear_bss.o)
 .text.libgcc.div
                0x00000000000020b4        0x0 /usr/lib/gcc/avr/5.4.0/avr51/libgcc.a(_clear_bss.o)
 .text.libgcc   0x00000000000020b4        0x0 /usr/lib/gcc/avr/5.4.0/avr51/libgcc.a(_clear_bss.o)
 .text.libgcc.prologue
                0x00000000000020b4        0x0 /usr/lib/gcc/avr/5.4.0/avr51/libgcc.a(_clear_bss.o)
 .text.libgcc.builtins
                0x00000000000020b4        0x0 /usr/lib/gcc/avr/5.4.0/avr51/libgcc.a(_clear_bss.o)
 .text.libgcc.fmul
                0x00000000000020b4        0x0 /usr/lib/gcc/avr/5.4.0/avr51/libgcc.a(_clear_bss.o)
 .text.libgcc.fixed
                0x00000000000020b4        0x0 /usr/lib/gcc/avr/5.4.0/avr51/libgcc.a(_clear_bss.o)
 .text.libgcc.mul
                0x00000000000020b4       0x1e /usr/lib/gcc/avr/5.4.0/avr51/libgcc.a(_umulhisi3.o)
                0x00000000000020b4                __umulhisi3
 .text.libgcc.div
                0x00000000000020d2        0x0 /usr/lib/gcc/avr/5.4.0/avr51/libgcc.a(_umulhisi3.o)
 .text.libgcc   0x00000000000020d2        0x0 /usr/lib/gcc/avr/5.4.0/avr51/libgcc.a(_umulhisi3.o)
 .text.libgcc.prologue
                0x00000000000020d2        0x0 /usr/lib/gcc/avr/5.4.0/avr51/libgcc.a(_umulhisi3.o)
 .text.libgcc.builtins
                0x00000000000020d2        0x0 /usr/lib/gcc/avr/5.4.0/avr51/libgcc.a(_umulhisi3.o)
 .text.libgcc.fmul
                0x00000000000020d2        0x0 /usr/lib/gcc/avr/5.4.0/avr51/libgcc.a(_umulhisi3.o)
 .text.libgcc.fixed
                0x00000000000020d2        0x0 /usr/lib/gcc/avr/5.4.0/avr51/libgcc.a(_umulhisi3.o)
 .text.libgcc.mul
                0x00000000000020d2        0x0 /usr/lib/gcc/avr/5.4.0/avr51/libgcc.a(_udivmodhi4.o)
 .text.libgcc.div
                0x00000000000020d2       0x28 /usr/lib/gcc/avr/5.4.0/avr51/libgcc.a(_udivmodhi4.o)
                0x00000000000020d2                __udivmodhi4
 .text.libgcc   0x00000000000020fa        0x0 /usr/lib/gcc/avr/5.4.0/avr51/libgcc.a(_udivmodhi4.o)
 .text.libgcc.prologue
                0x00000000000020fa        0x0 /usr/lib/gcc/avr/5.4.0/avr51/libgcc.a(_udivmodhi4.o)
 .text.libgcc.builtins
                0x00000000000020fa        0x0 /usr/lib/gcc/avr/5.4.0/avr51/libgcc.a(_udivmodhi4.o)
 .text.libgcc.fmul
                0x00000000000020fa        0x0 /usr/lib/gcc/avr/5.4.0/avr51/libgcc.a(_udivmodhi4.o)
 .text.libgcc.fixed
                0x00000000000020fa        0x0 /usr/lib/gcc/avr/5.4.0/avr51/libgcc.a(_udivmodhi4.o)
 .text.libgcc.mul
                0x00000000000020fa        0x0 /usr/lib/gcc/avr/5.4.0/avr51/libgcc.a(_udivmodsi4.o)
 .text.libgcc.div
                0x00000000000020fa       0x44 /usr/lib/gcc/avr/5.4.0/avr51/libgcc.a(_udivmodsi4.o)
                0x00000000000020fa                __udivmodsi4
 .text.libgcc   0x000000000000213e        0x0 /usr/lib/gcc/avr/5.4.0/avr51/libgcc.a(_udivmodsi4.o)
 .text.libgcc.prologue
                0x000000000000213e        0x0 /usr/lib/gcc/avr/5.4.0/avr51/libgcc.a(_udivmodsi4.o)
 .text.libgcc.builtins
                0x000000000000213e        0x0 /usr/lib/gcc/avr/5.4.0/avr51/libgcc.a(_udivmodsi4.o)
 .text.libgcc.fmul
                0x000000000000213e        0x0 /usr/lib/gcc/avr/5.4.0/avr51/libgcc.a(_udivmodsi4.o)
 .text.libgcc.fixed
                0x000000000000213e        0x0 /usr/lib/gcc/avr/5.4.0/avr51/libgcc.a(_udivmodsi4.o)
 .text.avr-libc.fplib
                0x000000000000213e        0xe /usr/lib/gcc/avr/5.4.0/../../../avr/lib/avr51/libm.a(addsf3.o)
                0x000000000000213e                __subsf3
                0x0000000000002140                __addsf3
 .text.avr-libc.fplib
                0x000000000000214c       0xcc /usr/lib/gcc/avr/5.4.0/../../../avr/lib/avr51/libm.a(addsf3x.o)
                0x000000000000216e                __addsf3x
 .text.avr-libc.fplib
                0x0000000000002218        0xe /usr/lib/gcc/avr/5.4.0/../../../avr/lib/avr51/libm.a(fixsfsi.o)
                0x0000000000002218                __fixsfsi
 .text.avr-libc.fplib
                0x0000000000002226       0x5e /usr/lib/gcc/avr/5.4.0/../../../avr/lib/avr51/libm.a(fixunssfsi.o)
                0x0000000000002226                __fixunssfsi
 .text.avr-libc.fplib
                0x0000000000002284       0x7a /usr/lib/gcc/avr/5.4.0/../../../avr/lib/avr51/libm.a(floatsisf.o)
                0x0000000000002284                __floatunsisf
                0x0000000000002288                __floatsisf
 .text.avr-libc.fplib
                0x00000000000022fe        0xc /usr/lib/gcc/avr/5.4.0/../../../avr/lib/avr51/libm.a(fp_inf.o)
                0x00000000000022fe                __fp_inf
 .text.avr-libc.fplib
                0x000000000000230a        0x6 /usr/lib/gcc/avr/5.4.0/../../../avr/lib/avr51/libm.a(fp_nan.o)
                0x000000000000230a                __fp_nan
 .text.avr-libc.fplib
                0x0000000000002310        0xe /usr/lib/gcc/avr/5.4.0/../../../avr/lib/avr51/libm.a(fp_pscA.o)
                0x0000000000002310                __fp_pscA
 .text.avr-libc.fplib
                0x000000000000231e        0xe /usr/lib/gcc/avr/5.4.0/../../../avr/lib/avr51/libm.a(fp_pscB.o)
                0x000000000000231e                __fp_pscB
 .text.avr-libc.fplib
                0x000000000000232c       0x22 /usr/lib/gcc/avr/5.4.0/../../../avr/lib/avr51/libm.a(fp_round.o)
                0x000000000000232c                __fp_round
 .text.avr-libc.fplib
                0x000000000000234e       0x44 /usr/lib/gcc/avr/5.4.0/../../../avr/lib/avr51/libm.a(fp_split3.o)
                0x000000000000234e                __fp_split3
                0x000000000000235e                __fp_splitA
 .text.avr-libc.fplib
                0x0000000000002392        0xe /usr/lib/gcc/avr/5.4.0/../../../avr/lib/avr51/libm.a(fp_zero.o)
                0x0000000000002392                __fp_zero
                0x0000000000002394                __fp_szero
 .text.avr-libc.fplib
                0x00000000000023a0        0x8 /usr/lib/gcc/avr/5.4.0/../../../avr/lib/avr51/libm.a(mulsf3.o)
                0x00000000000023a0                __mulsf3
 .text.avr-libc.fplib
                0x00000000000023a8       0xd2 /usr/lib/gcc/avr/5.4.0/../../../avr/lib/avr51/libm.a(mulsf3x.o)
                0x00000000000023c6                __mulsf3x
                0x00000000000023cc                __mulsf3_pse
 .text.avr-libc
                0x000000000000247a       0x16 /usr/lib/gcc/avr/5.4.0/../../../avr/lib/avr51/libc.a(strcat.o)
                0x000000000000247a                strcat
 .text.avr-libc
                0x0000000000002490        0xe /usr/lib/gcc/avr/5.4.0/../../../avr/lib/avr51/libc.a(strcpy.o)
                0x0000000000002490                strcpy
 .text.avr-libc
                0x000000000000249e       0x16 /usr/lib/gcc/avr/5.4.0/../../../avr/lib/avr51/libc.a(itoa_ncheck.o)
                0x000000000000249e                __itoa_ncheck
 .text.avr-libc
                0x00000000000024b4       0x34 /usr/lib/gcc/avr/5.4.0/../../../avr/lib/avr51/libc.a(utoa_ncheck.o)
                0x00000000000024b4                __utoa_ncheck
                0x00000000000024b6                __utoa_common
 .text.avr-libc
                0x00000000000024e8       0x20 /usr/lib/gcc/avr/5.4.0/../../../avr/lib/avr51/libc.a(strrev.o)
                0x00000000000024e8                strrev
                0x0000000000002508                . = ALIGN (0x2)
 *(.fini9)
 .fini9         0x0000000000002508        0x0 /usr/lib/gcc/avr/5.4.0/avr51/libgcc.a(_exit.o)
                0x0000000000002508                exit
                0x0000000000002508                _exit
 *(.fini9)
 *(.fini8)
 *(.fini8)
 *(.fini7)
 *(.fini7)
 *(.fini6)
 *(.fini6)
 *(.fini5)
 *(.fini5)
 *(.fini4)
 *(.fini4)
 *(.fini3)
 *(.fini3)
 *(.fini2)
 *(.fini2)
 *(.fini1)
 *(.fini1)
 *(.fini0)
 .fini0         0x0000000000002508        0x4 /usr/lib/gcc/avr/5.4.0/avr51/libgcc.a(_exit.o)
 *(.fini0)
                0x000000000000250c                _etext = .

.data           0x0000000000800100       0x38 load address 0x000000000000250c
                0x0000000000800100                PROVIDE (__data_start, .)
 *(.data)
 .data          0x0000000000800100        0x0 /usr/lib/gcc/avr/5.4.0/../../../avr/lib/avr51/crtatmega128.o
 .data          0x0000000000800100       0x37 lab5_ml.o
                0x0000000000800100                lcd_full_array
                0x0000000000800120                snooze_time
                0x0000000000800122                lcd_string_on
                0x0000000000800132                a_min_count
                0x0000000000800133                reset
                0x0000000000800134                inc_dec2
                0x0000000000800135                inc_dec1
                0x0000000000800136                hrs_std
 .data          0x0000000000800137        0x0 hd44780.o
 .data          0x0000000000800137        0x0 lm73_functions.o
 .data          0x0000000000800137        0x0 twi_master.o
 .data          0x0000000000800137        0x0 uart_functions.o
 .data          0x0000000000800137        0x0 /usr/lib/gcc/avr/5.4.0/avr51/libgcc.a(_divmodhi4.o)
 .data          0x0000000000800137        0x0 /usr/lib/gcc/avr/5.4.0/avr51/libgcc.a(_divmodsi4.o)
 .data          0x0000000000800137        0x0 /usr/lib/gcc/avr/5.4.0/avr51/libgcc.a(_negsi2.o)
 .data          0x0000000000800137        0x0 /usr/lib/gcc/avr/5.4.0/avr51/libgcc.a(_exit.o)
 .data          0x0000000000800137        0x0 /usr/lib/gcc/avr/5.4.0/avr51/libgcc.a(_tablejump2.o)
 .data          0x0000000000800137        0x0 /usr/lib/gcc/avr/5.4.0/avr51/libgcc.a(_copy_data.o)
 .data          0x0000000000800137        0x0 /usr/lib/gcc/avr/5.4.0/avr51/libgcc.a(_clear_bss.o)
 .data          0x0000000000800137        0x0 /usr/lib/gcc/avr/5.4.0/avr51/libgcc.a(_umulhisi3.o)
 .data          0x0000000000800137        0x0 /usr/lib/gcc/avr/5.4.0/avr51/libgcc.a(_udivmodhi4.o)
 .data          0x0000000000800137        0x0 /usr/lib/gcc/avr/5.4.0/avr51/libgcc.a(_udivmodsi4.o)
 .data          0x0000000000800137        0x0 /usr/lib/gcc/avr/5.4.0/../../../avr/lib/avr51/libm.a(addsf3.o)
 .data          0x0000000000800137        0x0 /usr/lib/gcc/avr/5.4.0/../../../avr/lib/avr51/libm.a(addsf3x.o)
 .data          0x0000000000800137        0x0 /usr/lib/gcc/avr/5.4.0/../../../avr/lib/avr51/libm.a(fixsfsi.o)
 .data          0x0000000000800137        0x0 /usr/lib/gcc/avr/5.4.0/../../../avr/lib/avr51/libm.a(fixunssfsi.o)
 .data          0x0000000000800137        0x0 /usr/lib/gcc/avr/5.4.0/../../../avr/lib/avr51/libm.a(floatsisf.o)
 .data          0x0000000000800137        0x0 /usr/lib/gcc/avr/5.4.0/../../../avr/lib/avr51/libm.a(fp_inf.o)
 .data          0x0000000000800137        0x0 /usr/lib/gcc/avr/5.4.0/../../../avr/lib/avr51/libm.a(fp_nan.o)
 .data          0x0000000000800137        0x0 /usr/lib/gcc/avr/5.4.0/../../../avr/lib/avr51/libm.a(fp_pscA.o)
 .data          0x0000000000800137        0x0 /usr/lib/gcc/avr/5.4.0/../../../avr/lib/avr51/libm.a(fp_pscB.o)
 .data          0x0000000000800137        0x0 /usr/lib/gcc/avr/5.4.0/../../../avr/lib/avr51/libm.a(fp_round.o)
 .data          0x0000000000800137        0x0 /usr/lib/gcc/avr/5.4.0/../../../avr/lib/avr51/libm.a(fp_split3.o)
 .data          0x0000000000800137        0x0 /usr/lib/gcc/avr/5.4.0/../../../avr/lib/avr51/libm.a(fp_zero.o)
 .data          0x0000000000800137        0x0 /usr/lib/gcc/avr/5.4.0/../../../avr/lib/avr51/libm.a(mulsf3.o)
 .data          0x0000000000800137        0x0 /usr/lib/gcc/avr/5.4.0/../../../avr/lib/avr51/libm.a(mulsf3x.o)
 .data          0x0000000000800137        0x0 /usr/lib/gcc/avr/5.4.0/../../../avr/lib/avr51/libc.a(strcat.o)
 .data          0x0000000000800137        0x0 /usr/lib/gcc/avr/5.4.0/../../../avr/lib/avr51/libc.a(strcpy.o)
 .data          0x0000000000800137        0x0 /usr/lib/gcc/avr/5.4.0/../../../avr/lib/avr51/libc.a(itoa_ncheck.o)
 .data          0x0000000000800137        0x0 /usr/lib/gcc/avr/5.4.0/../../../avr/lib/avr51/libc.a(utoa_ncheck.o)
 .data          0x0000000000800137        0x0 /usr/lib/gcc/avr/5.4.0/../../../avr/lib/avr51/libc.a(strrev.o)
 *(.data*)
 *(.rodata)
 *(.rodata*)
 *(.gnu.linkonce.d*)
                0x0000000000800138                . = ALIGN (0x2)
 *fill*         0x0000000000800137        0x1 
                0x0000000000800138                _edata = .
                0x0000000000800138                PROVIDE (__data_end, .)

.bss            0x0000000000800138      0x14e
                0x0000000000800138                PROVIDE (__bss_start, .)
 *(.bss)
 .bss           0x0000000000800138        0x0 /usr/lib/gcc/avr/5.4.0/../../../avr/lib/avr51/crtatmega128.o
 .bss           0x0000000000800138       0x39 lab5_ml.o
                0x0000000000800138                rcv_rdy
                0x0000000000800139                length
                0x000000000080013a                t_counter
                0x000000000080013b                second_tick
                0x000000000080013c                ocr2_value
                0x000000000080013e                lcd_flag
                0x000000000080013f                alarm_sound
                0x0000000000800140                snoozing
                0x0000000000800141                a_hrs_tens
                0x0000000000800142                a_hrs_ones
                0x0000000000800143                a_min_tens
                0x0000000000800144                a_min_ones
                0x0000000000800145                a_hrs_std
                0x0000000000800146                a_hrs_mil
                0x0000000000800147                encoder_val
                0x0000000000800148                bitn
                0x0000000000800149                PORTA_previous
                0x000000000080014a                PORTC_previous
                0x000000000080014b                n
                0x000000000080014c                mode
                0x000000000080014d                hrs_tens
                0x000000000080014e                hrs_ones
                0x000000000080014f                min_tens
                0x0000000000800150                min_ones
                0x0000000000800151                mil_std
                0x0000000000800152                hrs_mil
                0x0000000000800153                min_count
                0x0000000000800154                sec_count
                0x0000000000800155                encoder2_present
                0x0000000000800156                encoder2_past
                0x0000000000800157                encoder1_present
                0x0000000000800158                encoder1_past
 .bss           0x0000000000800171        0x1 hd44780.o
 .bss           0x0000000000800172        0x0 lm73_functions.o
 .bss           0x0000000000800172        0x1 twi_master.o
 .bss           0x0000000000800173        0x0 uart_functions.o
 .bss           0x0000000000800173        0x0 /usr/lib/gcc/avr/5.4.0/avr51/libgcc.a(_divmodhi4.o)
 .bss           0x0000000000800173        0x0 /usr/lib/gcc/avr/5.4.0/avr51/libgcc.a(_divmodsi4.o)
 .bss           0x0000000000800173        0x0 /usr/lib/gcc/avr/5.4.0/avr51/libgcc.a(_negsi2.o)
 .bss           0x0000000000800173        0x0 /usr/lib/gcc/avr/5.4.0/avr51/libgcc.a(_exit.o)
 .bss           0x0000000000800173        0x0 /usr/lib/gcc/avr/5.4.0/avr51/libgcc.a(_tablejump2.o)
 .bss           0x0000000000800173        0x0 /usr/lib/gcc/avr/5.4.0/avr51/libgcc.a(_copy_data.o)
 .bss           0x0000000000800173        0x0 /usr/lib/gcc/avr/5.4.0/avr51/libgcc.a(_clear_bss.o)
 .bss           0x0000000000800173        0x0 /usr/lib/gcc/avr/5.4.0/avr51/libgcc.a(_umulhisi3.o)
 .bss           0x0000000000800173        0x0 /usr/lib/gcc/avr/5.4.0/avr51/libgcc.a(_udivmodhi4.o)
 .bss           0x0000000000800173        0x0 /usr/lib/gcc/avr/5.4.0/avr51/libgcc.a(_udivmodsi4.o)
 .bss           0x0000000000800173        0x0 /usr/lib/gcc/avr/5.4.0/../../../avr/lib/avr51/libm.a(addsf3.o)
 .bss           0x0000000000800173        0x0 /usr/lib/gcc/avr/5.4.0/../../../avr/lib/avr51/libm.a(addsf3x.o)
 .bss           0x0000000000800173        0x0 /usr/lib/gcc/avr/5.4.0/../../../avr/lib/avr51/libm.a(fixsfsi.o)
 .bss           0x0000000000800173        0x0 /usr/lib/gcc/avr/5.4.0/../../../avr/lib/avr51/libm.a(fixunssfsi.o)
 .bss           0x0000000000800173        0x0 /usr/lib/gcc/avr/5.4.0/../../../avr/lib/avr51/libm.a(floatsisf.o)
 .bss           0x0000000000800173        0x0 /usr/lib/gcc/avr/5.4.0/../../../avr/lib/avr51/libm.a(fp_inf.o)
 .bss           0x0000000000800173        0x0 /usr/lib/gcc/avr/5.4.0/../../../avr/lib/avr51/libm.a(fp_nan.o)
 .bss           0x0000000000800173        0x0 /usr/lib/gcc/avr/5.4.0/../../../avr/lib/avr51/libm.a(fp_pscA.o)
 .bss           0x0000000000800173        0x0 /usr/lib/gcc/avr/5.4.0/../../../avr/lib/avr51/libm.a(fp_pscB.o)
 .bss           0x0000000000800173        0x0 /usr/lib/gcc/avr/5.4.0/../../../avr/lib/avr51/libm.a(fp_round.o)
 .bss           0x0000000000800173        0x0 /usr/lib/gcc/avr/5.4.0/../../../avr/lib/avr51/libm.a(fp_split3.o)
 .bss           0x0000000000800173        0x0 /usr/lib/gcc/avr/5.4.0/../../../avr/lib/avr51/libm.a(fp_zero.o)
 .bss           0x0000000000800173        0x0 /usr/lib/gcc/avr/5.4.0/../../../avr/lib/avr51/libm.a(mulsf3.o)
 .bss           0x0000000000800173        0x0 /usr/lib/gcc/avr/5.4.0/../../../avr/lib/avr51/libm.a(mulsf3x.o)
 .bss           0x0000000000800173        0x0 /usr/lib/gcc/avr/5.4.0/../../../avr/lib/avr51/libc.a(strcat.o)
 .bss           0x0000000000800173        0x0 /usr/lib/gcc/avr/5.4.0/../../../avr/lib/avr51/libc.a(strcpy.o)
 .bss           0x0000000000800173        0x0 /usr/lib/gcc/avr/5.4.0/../../../avr/lib/avr51/libc.a(itoa_ncheck.o)
 .bss           0x0000000000800173        0x0 /usr/lib/gcc/avr/5.4.0/../../../avr/lib/avr51/libc.a(utoa_ncheck.o)
 .bss           0x0000000000800173        0x0 /usr/lib/gcc/avr/5.4.0/../../../avr/lib/avr51/libc.a(strrev.o)
 *(.bss*)
 *(COMMON)
 COMMON         0x0000000000800173       0x3a lab5_ml.o
                0x0000000000800173                debug_array
                0x0000000000800183                adc_result
                0x0000000000800185                lm73_temp
                0x0000000000800187                rx_array
                0x0000000000800197                lcd_str_temperature
                0x00000000008001a7                rx_char
                0x00000000008001a8                segment_data
 COMMON         0x00000000008001ad       0x30 hd44780.o
                0x00000000008001ad                lcd_string_array
                0x00000000008001cd                lcd_str
 COMMON         0x00000000008001dd        0x4 lm73_functions.o
                0x00000000008001dd                lm73_wr_buf
                0x00000000008001df                lm73_rd_buf
 COMMON         0x00000000008001e1        0x5 twi_master.o
                0x00000000008001e1                twi_state
                0x00000000008001e2                twi_buf
                0x00000000008001e4                twi_bus_addr
                0x00000000008001e5                twi_msg_size
 COMMON         0x00000000008001e6       0xa0 uart_functions.o
                0x00000000008001e6                uart_tx_buf
                0x000000000080020e                uart1_tx_buf
                0x0000000000800236                uart1_rx_buf
                0x000000000080025e                uart_rx_buf
                0x0000000000800286                PROVIDE (__bss_end, .)
                0x000000000000250c                __data_load_start = LOADADDR (.data)
                0x0000000000002544                __data_load_end = (__data_load_start + SIZEOF (.data))

.noinit         0x0000000000800286        0x0
                [!provide]                        PROVIDE (__noinit_start, .)
 *(.noinit*)
                [!provide]                        PROVIDE (__noinit_end, .)
                0x0000000000800286                _end = .
                [!provide]                        PROVIDE (__heap_start, .)

.eeprom         0x0000000000810000        0x0
 *(.eeprom*)
                0x0000000000810000                __eeprom_end = .

.fuse
 *(.fuse)
 *(.lfuse)
 *(.hfuse)
 *(.efuse)

.lock
 *(.lock*)

.signature
 *(.signature*)

.user_signatures
 *(.user_signatures*)

.stab           0x0000000000000000     0x5028
 *(.stab)
 .stab          0x0000000000000000     0x219c lab5_ml.o
 .stab          0x000000000000219c     0x19d4 hd44780.o
                                       0x1bcc (size before relaxing)
 .stab          0x0000000000003b70      0x654 lm73_functions.o
                                        0x888 (size before relaxing)
 .stab          0x00000000000041c4      0x678 twi_master.o
                                        0x894 (size before relaxing)
 .stab          0x000000000000483c      0x7ec uart_functions.o
                                        0xa08 (size before relaxing)

.stabstr        0x0000000000000000     0x1c02
 *(.stabstr)
 .stabstr       0x0000000000000000     0x1c02 lab5_ml.o

.stab.excl
 *(.stab.excl)

.stab.exclstr
 *(.stab.exclstr)

.stab.index
 *(.stab.index)

.stab.indexstr
 *(.stab.indexstr)

.comment        0x0000000000000000       0x11
 *(.comment)
 .comment       0x0000000000000000       0x11 lab5_ml.o
                                         0x12 (size before relaxing)
 .comment       0x0000000000000011       0x12 hd44780.o
 .comment       0x0000000000000011       0x12 lm73_functions.o
 .comment       0x0000000000000011       0x12 twi_master.o
 .comment       0x0000000000000011       0x12 uart_functions.o

.note.gnu.avr.deviceinfo
                0x0000000000000000       0x3c
 .note.gnu.avr.deviceinfo
                0x0000000000000000       0x3c /usr/lib/gcc/avr/5.4.0/../../../avr/lib/avr51/crtatmega128.o

.note.gnu.build-id
 *(.note.gnu.build-id)

.debug
 *(.debug)

.line
 *(.line)

.debug_srcinfo
 *(.debug_srcinfo)

.debug_sfnames
 *(.debug_sfnames)

.debug_aranges
 *(.debug_aranges)

.debug_pubnames
 *(.debug_pubnames)

.debug_info     0x0000000000000000      0x780
 *(.debug_info .gnu.linkonce.wi.*)
 .debug_info    0x0000000000000000      0x780 /usr/lib/gcc/avr/5.4.0/../../../avr/lib/avr51/crtatmega128.o

.debug_abbrev   0x0000000000000000      0x718
 *(.debug_abbrev)
 .debug_abbrev  0x0000000000000000      0x718 /usr/lib/gcc/avr/5.4.0/../../../avr/lib/avr51/crtatmega128.o

.debug_line     0x0000000000000000       0x1a
 *(.debug_line .debug_line.* .debug_line_end)
 .debug_line    0x0000000000000000       0x1a /usr/lib/gcc/avr/5.4.0/../../../avr/lib/avr51/crtatmega128.o

.debug_frame
 *(.debug_frame)

.debug_str      0x0000000000000000      0x27d
 *(.debug_str)
 .debug_str     0x0000000000000000      0x27d /usr/lib/gcc/avr/5.4.0/../../../avr/lib/avr51/crtatmega128.o

.debug_loc
 *(.debug_loc)

.debug_macinfo
 *(.debug_macinfo)

.debug_weaknames
 *(.debug_weaknames)

.debug_funcnames
 *(.debug_funcnames)

.debug_typenames
 *(.debug_typenames)

.debug_varnames
 *(.debug_varnames)

.debug_pubtypes
 *(.debug_pubtypes)

.debug_ranges
 *(.debug_ranges)

.debug_macro
 *(.debug_macro)
OUTPUT(lab5_ml.elf elf32-avr)
LOAD linker stubs
